<html>
<body>
<pre>
<h1>µVision Build Log</h1>
<h2>Tool Versions:</h2>
IDE-Version: µVision V5.36.0.0
Copyright (C) 2021 ARM Ltd and ARM Germany GmbH. All rights reserved.
License Information: Abel Varghese, Student, LIC=----
 
Tool Versions:
Toolchain:       MDK-Lite  Version: 5.36.0.0
Toolchain Path:  D:\Keil_v5\ARM\ARMCLANG\Bin
C Compiler:      ArmClang.exe V6.16
Assembler:       Armasm.exe V6.16
Linker/Locator:  ArmLink.exe V6.16
Library Manager: ArmAr.exe V6.16
Hex Converter:   FromElf.exe V6.16
CPU DLL:         SARMCM3.DLL V5.36.0.0
Dialog DLL:      DCM.DLL V1.17.3.0
Target DLL:      STLink\ST-LINKIII-KEIL_SWO.dll V3.0.9.0
Dialog DLL:      TCM.DLL V1.53.0.0
 
<h2>Project:</h2>
D:\Keil_v5\Projects\RLP - broken down\External Interrupt RLP\EXT INTERRUPT.uvprojx
Project File Date:  11/04/2021

<h2>Output:</h2>
*** Using Compiler 'V6.16', folder: 'D:\Keil_v5\ARM\ARMCLANG\Bin'
Rebuild target 'Target 1'
assembling startup_stm32f446xx.s...
compiling RccConfig.c...
main.c(2): warning: no previous extern declaration for non-static variable 'flag' [-Wmissing-variable-declarations]
int flag = 0;
    ^
main.c(2): note: declare 'static' if the variable is not intended to be used outside of this translation unit
int flag = 0;
^
main.c(3): warning: no previous extern declaration for non-static variable 'count' [-Wmissing-variable-declarations]
int count = 0;
    ^
main.c(3): note: declare 'static' if the variable is not intended to be used outside of this translation unit
int count = 0;
^
main.c(37): warning: implicit conversion changes signedness: 'int' to 'unsigned int' [-Wsign-conversion]
        EXTI->FTSR &= ~(1<<13);  // Disable Falling Edge Trigger for PC13
                   ~~ ^~~~~~~~
main.c(20): warning: no previous prototype for function 'Interrupt_Config' [-Wmissing-prototypes]
void  Interrupt_Config(void)
      ^
main.c(20): note: declare 'static' if the function is not intended to be used outside of this translation unit
void  Interrupt_Config(void)
^
static 
main.c(59): warning: no previous prototype for function 'delay_us' [-Wmissing-prototypes]
void delay_us(uint32_t delay_us)
     ^
main.c(59): note: declare 'static' if the function is not intended to be used outside of this translation unit
void delay_us(uint32_t delay_us)
^
static 
main.c(75): warning: no previous prototype for function 'delay_ms' [-Wmissing-prototypes]
void delay_ms(uint16_t delay_ms)
     ^
main.c(75): note: declare 'static' if the function is not intended to be used outside of this translation unit
void delay_ms(uint16_t delay_ms)
^
static 
main.c(99): warning: no newline at end of file [-Wnewline-eof]
}
 ^
7 warnings generated.
compiling main.c...
compiling system_stm32f4xx.c...
linking...
Program Size: Code=880 RO-data=468 RW-data=0 ZI-data=1640  
".\Objects\EXT INTERRUPT.axf" - 0 Error(s), 7 Warning(s).

<h2>Software Packages used:</h2>

Package Vendor: ARM
                http://www.keil.com/pack/ARM.CMSIS.5.8.0.pack
                ARM.CMSIS.5.8.0
                CMSIS (Common Microcontroller Software Interface Standard)
   * Component: CORE Version: 5.5.0

Package Vendor: Keil
                http://www.keil.com/pack/Keil.STM32F4xx_DFP.2.15.0.pack
                Keil.STM32F4xx_DFP.2.15.0
                STMicroelectronics STM32F4 Series Device Support, Drivers and Examples
   * Component: Startup Version: 2.6.3

<h2>Collection of Component include folders:</h2>
  .\RTE\_Target_1
  D:\Users\abelm\AppData\Local\Arm\Packs\ARM\CMSIS\5.8.0\CMSIS\Core\Include
  D:\Users\abelm\AppData\Local\Arm\Packs\Keil\STM32F4xx_DFP\2.15.0\Drivers\CMSIS\Device\ST\STM32F4xx\Include

<h2>Collection of Component Files used:</h2>

   * Component: ARM::CMSIS:CORE:5.5.0

   * Component: Keil::Device:Startup:2.6.3
      Source file:   Drivers\CMSIS\Device\ST\STM32F4xx\Source\Templates\arm\startup_stm32f446xx.s
      Include file:  Drivers\CMSIS\Device\ST\STM32F4xx\Include\stm32f4xx.h
      Source file:   MDK\Device\Source\ARM\STM32F4xx_OTP.s
      Source file:   MDK\Device\Source\ARM\STM32F446xx_OPT.s
      Source file:   Drivers\CMSIS\Device\ST\STM32F4xx\Source\Templates\system_stm32f4xx.c
Build Time Elapsed:  00:00:03
</pre>
</body>
</html>
